// Jest Snapshot v1, https://goo.gl/fbAQLP

exports[`Loader testing 1`] = `
<div
  className=""
>
  <div
    className="loader"
  />
   
</div>
`;
